'[Errno 11001] getaddrinfo failed' thrown while requesting HEAD https://huggingface.co/ai4bharat/indic-bert/resolve/main/config.json
Retrying in 1s [Retry 1/5].
'[Errno 11001] getaddrinfo failed' thrown while requesting HEAD https://huggingface.co/ai4bharat/indic-bert/resolve/main/config.json
Retrying in 2s [Retry 2/5].
'[Errno 11001] getaddrinfo failed' thrown while requesting HEAD https://huggingface.co/ai4bharat/indic-bert/resolve/main/config.json
Retrying in 4s [Retry 3/5].
'[Errno 11001] getaddrinfo failed' thrown while requesting HEAD https://huggingface.co/ai4bharat/indic-bert/resolve/main/config.json
Retrying in 8s [Retry 4/5].
'[Errno 11001] getaddrinfo failed' thrown while requesting HEAD https://huggingface.co/ai4bharat/indic-bert/resolve/main/config.json
Retrying in 8s [Retry 5/5].
'[Errno 11001] getaddrinfo failed' thrown while requesting HEAD https://huggingface.co/ai4bharat/indic-bert/resolve/main/config.json
'[Errno 11001] getaddrinfo failed' thrown while requesting HEAD https://huggingface.co/ai4bharat/indic-bert/resolve/main/config.json
Retrying in 1s [Retry 1/5].
'[Errno 11001] getaddrinfo failed' thrown while requesting HEAD https://huggingface.co/ai4bharat/indic-bert/resolve/main/config.json
Retrying in 2s [Retry 2/5].
'[Errno 11001] getaddrinfo failed' thrown while requesting HEAD https://huggingface.co/ai4bharat/indic-bert/resolve/main/config.json
Retrying in 4s [Retry 3/5].
'[Errno 11001] getaddrinfo failed' thrown while requesting HEAD https://huggingface.co/ai4bharat/indic-bert/resolve/main/config.json
Retrying in 8s [Retry 4/5].
'[Errno 11001] getaddrinfo failed' thrown while requesting HEAD https://huggingface.co/ai4bharat/indic-bert/resolve/main/config.json
Retrying in 8s [Retry 5/5].
'[Errno 11001] getaddrinfo failed' thrown while requesting HEAD https://huggingface.co/ai4bharat/indic-bert/resolve/main/config.json
Built 2071 snippets from 15 books

Loading ai4bharat/indic-bert (first run downloads weights)...
httpcore.ConnectError: [Errno 11001] getaddrinfo failed

The above exception was the direct cause of the following exception:

httpx.ConnectError: [Errno 11001] getaddrinfo failed

The above exception was the direct cause of the following exception:

Traceback (most recent call last):
  File "C:\Users\CSE\Documents\author-attribution-master\envAA\Lib\site-packages\transformers\utils\hub.py", line 438, in cached_files
    hf_hub_download(
    ~~~~~~~~~~~~~~~^
        path_or_repo_id,
        ^^^^^^^^^^^^^^^^
    ...<10 lines>...
        tqdm_class=tqdm_class,
        ^^^^^^^^^^^^^^^^^^^^^^
    )
    ^
  File "C:\Users\CSE\Documents\author-attribution-master\envAA\Lib\site-packages\huggingface_hub\utils\_validators.py", line 88, in _inner_fn
    return fn(*args, **kwargs)
  File "C:\Users\CSE\Documents\author-attribution-master\envAA\Lib\site-packages\huggingface_hub\file_download.py", line 1019, in hf_hub_download
    return _hf_hub_download_to_cache_dir(
        # Destination
    ...<15 lines>...
        dry_run=dry_run,
    )
  File "C:\Users\CSE\Documents\author-attribution-master\envAA\Lib\site-packages\huggingface_hub\file_download.py", line 1166, in _hf_hub_download_to_cache_dir
    _raise_on_head_call_error(head_call_error, force_download, local_files_only)
    ~~~~~~~~~~~~~~~~~~~~~~~~~^^^^^^^^^^^^^^^^^^^^^^^^^^^^^^^^^^^^^^^^^^^^^^^^^^^
  File "C:\Users\CSE\Documents\author-attribution-master\envAA\Lib\site-packages\huggingface_hub\file_download.py", line 1907, in _raise_on_head_call_error
    raise LocalEntryNotFoundError(
    ...<3 lines>...
    ) from head_call_error
huggingface_hub.errors.LocalEntryNotFoundError: An error happened while trying to locate the file on the Hub and we cannot find the requested files in the local cache. Please check your connection and try again or make sure your Internet connection is on.

The above exception was the direct cause of the following exception:

Traceback (most recent call last):
  File "C:\Users\CSE\Documents\author-attribution-master\dl_baseline.py", line 134, in <module>
    main()
    ~~~~^^
  File "C:\Users\CSE\Documents\author-attribution-master\dl_baseline.py", line 108, in main
    X = encode(texts, args.model, cache, args.max_len, args.batch_size)
  File "C:\Users\CSE\Documents\author-attribution-master\dl_baseline.py", line 64, in encode
    tok = AutoTokenizer.from_pretrained(model_name)
  File "C:\Users\CSE\Documents\author-attribution-master\envAA\Lib\site-packages\transformers\models\auto\tokenization_auto.py", line 772, in from_pretrained
    config = PreTrainedConfig.from_pretrained(pretrained_model_name_or_path, **kwargs)
  File "C:\Users\CSE\Documents\author-attribution-master\envAA\Lib\site-packages\transformers\configuration_utils.py", line 704, in from_pretrained
    config_dict, kwargs = cls.get_config_dict(pretrained_model_name_or_path, **kwargs)
                          ~~~~~~~~~~~~~~~~~~~^^^^^^^^^^^^^^^^^^^^^^^^^^^^^^^^^^^^^^^^^
  File "C:\Users\CSE\Documents\author-attribution-master\envAA\Lib\site-packages\transformers\configuration_utils.py", line 745, in get_config_dict
    config_dict, kwargs = cls._get_config_dict(pretrained_model_name_or_path, **kwargs)
                          ~~~~~~~~~~~~~~~~~~~~^^^^^^^^^^^^^^^^^^^^^^^^^^^^^^^^^^^^^^^^^
  File "C:\Users\CSE\Documents\author-attribution-master\envAA\Lib\site-packages\transformers\configuration_utils.py", line 800, in _get_config_dict
    resolved_config_file = cached_file(
        pretrained_model_name_or_path,
    ...<9 lines>...
        _commit_hash=commit_hash,
    )
  File "C:\Users\CSE\Documents\author-attribution-master\envAA\Lib\site-packages\transformers\utils\hub.py", line 294, in cached_file
    file = cached_files(path_or_repo_id=path_or_repo_id, filenames=[filename], **kwargs)
  File "C:\Users\CSE\Documents\author-attribution-master\envAA\Lib\site-packages\transformers\utils\hub.py", line 521, in cached_files
    raise OSError(
    ...<3 lines>...
    ) from e
OSError: We couldn't connect to 'https://huggingface.co' to load the files, and couldn't find them in the cached files.
Check your internet connection or see how to run the library in offline mode at 'https://huggingface.co/docs/transformers/installation#offline-mode'.
